// Jest Snapshot v1, https://goo.gl/fbAQLP

exports[`matches the snapshot 1`] = `
<DocumentFragment>
  <div
    class="Flipper"
  >
    <h1>
      Flip a coin.
    </h1>
    <div
      class="Coin"
    >
      <img
        alt="no coin"
        class="Coin-image"
      />
    </div>
    <button
      class="Flipper-button"
    >
      Flip
    </button>
    <button
      class="Flipper-button"
    >
      Reset
    </button>
    <p>
      Out of 0 flips, there have been 0 heads and 0 tails.
    </p>
  </div>
</DocumentFragment>
`;
